2026-07-09T00:19:22.936362Z 0 [System] [MY-015015] [Server] MySQL Server - start.
2026-07-09T00:19:23.398591Z 0 [Warning] [MY-010097] [Server] Insecure configuration for --secure-file-priv: Current value does not restrict location of generated files. Consider setting it to a valid, non-empty path.
2026-07-09T00:19:23.398667Z 0 [System] [MY-010116] [Server] C:\laragon\bin\mysql\mysql-8.4.3-winx64\bin\mysqld (mysqld 8.4.3) starting as process 6632
2026-07-09T00:19:24.047289Z 1 [System] [MY-013576] [InnoDB] InnoDB initialization has started.
2026-07-09T00:19:24.199756Z 1 [ERROR] [MY-012271] [InnoDB] The innodb_system data file 'ibdata1' must be writable
2026-07-09T00:19:24.315561Z 1 [ERROR] [MY-012278] [InnoDB] The innodb_system data file 'ibdata1' must be writable
2026-07-09T00:19:24.422739Z 1 [ERROR] [MY-010334] [Server] Failed to initialize DD Storage Engine
2026-07-09T00:19:24.423715Z 0 [ERROR] [MY-010020] [Server] Data Dictionary initialization failed.
2026-07-09T00:19:24.424200Z 0 [ERROR] [MY-010119] [Server] Aborting
2026-07-09T00:19:24.768383Z 0 [System] [MY-010910] [Server] C:\laragon\bin\mysql\mysql-8.4.3-winx64\bin\mysqld: Shutdown complete (mysqld 8.4.3)  MySQL Community Server - GPL.
2026-07-09T00:19:24.769304Z 0 [System] [MY-015016] [Server] MySQL Server - end.
2026-07-09T00:19:35.097098Z 0 [System] [MY-015015] [Server] MySQL Server - start.
2026-07-09T00:19:35.388890Z 0 [Warning] [MY-010097] [Server] Insecure configuration for --secure-file-priv: Current value does not restrict location of generated files. Consider setting it to a valid, non-empty path.
2026-07-09T00:19:35.388967Z 0 [System] [MY-010116] [Server] C:\laragon\bin\mysql\mysql-8.4.3-winx64\bin\mysqld (mysqld 8.4.3) starting as process 4852
2026-07-09T00:19:35.449324Z 1 [System] [MY-013576] [InnoDB] InnoDB initialization has started.
2026-07-09T00:19:41.166949Z 1 [System] [MY-013577] [InnoDB] InnoDB initialization has ended.
2026-07-09T00:19:43.856106Z 0 [Warning] [MY-013829] [Server] Missing data directory for ICU regular expressions: C:\laragon\bin\mysql\mysql-8.4.3-winx64\lib\private\.
2026-07-09T00:19:43.946107Z 0 [Warning] [MY-010068] [Server] CA certificate ca.pem is self signed.
2026-07-09T00:19:43.946645Z 0 [System] [MY-013602] [Server] Channel mysql_main configured to support TLS. Encrypted connections are now supported for this channel.
2026-07-09T00:19:44.189042Z 0 [System] [MY-011323] [Server] X Plugin ready for connections. Bind-address: '::' port: 33060
2026-07-09T00:19:44.189192Z 0 [System] [MY-010931] [Server] C:\laragon\bin\mysql\mysql-8.4.3-winx64\bin\mysqld: ready for connections. Version: '8.4.3'  socket: ''  port: 3306  MySQL Community Server - GPL.
2026-07-09T00:20:02.072870Z 8 [System] [MY-013172] [Server] Received SHUTDOWN from user root. Shutting down mysqld (Version: 8.4.3).
2026-07-09T00:20:02.073626Z 0 [System] [MY-013105] [Server] C:\laragon\bin\mysql\mysql-8.4.3-winx64\bin\mysqld: Normal shutdown.
2026-07-09T00:20:04.854508Z 0 [System] [MY-010910] [Server] C:\laragon\bin\mysql\mysql-8.4.3-winx64\bin\mysqld: Shutdown complete (mysqld 8.4.3)  MySQL Community Server - GPL.
2026-07-09T00:20:04.855346Z 0 [System] [MY-015016] [Server] MySQL Server - end.
2026-07-09T00:20:16.842615Z 0 [System] [MY-015015] [Server] MySQL Server - start.
2026-07-09T00:20:16.995067Z 0 [Warning] [MY-010097] [Server] Insecure configuration for --secure-file-priv: Current value does not restrict location of generated files. Consider setting it to a valid, non-empty path.
2026-07-09T00:20:16.995136Z 0 [System] [MY-010116] [Server] C:\laragon\bin\mysql\mysql-8.4.3-winx64\bin\mysqld (mysqld 8.4.3) starting as process 8844
2026-07-09T00:20:17.071757Z 1 [System] [MY-013576] [InnoDB] InnoDB initialization has started.
2026-07-09T00:20:22.644142Z 1 [System] [MY-013577] [InnoDB] InnoDB initialization has ended.
2026-07-09T00:20:24.928619Z 0 [Warning] [MY-013829] [Server] Missing data directory for ICU regular expressions: C:\laragon\bin\mysql\mysql-8.4.3-winx64\lib\private\.
2026-07-09T00:20:25.060975Z 0 [Warning] [MY-010068] [Server] CA certificate ca.pem is self signed.
2026-07-09T00:20:25.061638Z 0 [System] [MY-013602] [Server] Channel mysql_main configured to support TLS. Encrypted connections are now supported for this channel.
2026-07-09T00:20:25.369111Z 0 [System] [MY-011323] [Server] X Plugin ready for connections. Bind-address: '::' port: 33060
2026-07-09T00:20:25.369236Z 0 [System] [MY-010931] [Server] C:\laragon\bin\mysql\mysql-8.4.3-winx64\bin\mysqld: ready for connections. Version: '8.4.3'  socket: ''  port: 3306  MySQL Community Server - GPL.
2026-07-09T00:20:53.047165Z 0 [System] [MY-015015] [Server] MySQL Server - start.
2026-07-09T00:20:53.247172Z 0 [Warning] [MY-010097] [Server] Insecure configuration for --secure-file-priv: Current value does not restrict location of generated files. Consider setting it to a valid, non-empty path.
2026-07-09T00:20:53.247244Z 0 [System] [MY-010116] [Server] C:\laragon\bin\mysql\mysql-8.4.3-winx64\bin\mysqld (mysqld 8.4.3) starting as process 7996
2026-07-09T00:20:53.378504Z 1 [System] [MY-013576] [InnoDB] InnoDB initialization has started.
2026-07-09T00:21:06.912698Z 1 [System] [MY-013577] [InnoDB] InnoDB initialization has ended.
2026-07-09T00:21:09.647818Z 0 [System] [MY-010229] [Server] Starting XA crash recovery...
2026-07-09T00:21:09.652541Z 0 [System] [MY-010232] [Server] XA crash recovery finished.
2026-07-09T00:21:10.553306Z 0 [Warning] [MY-013829] [Server] Missing data directory for ICU regular expressions: C:\laragon\bin\mysql\mysql-8.4.3-winx64\lib\private\.
2026-07-09T00:21:10.657050Z 0 [Warning] [MY-010068] [Server] CA certificate ca.pem is self signed.
2026-07-09T00:21:10.657623Z 0 [System] [MY-013602] [Server] Channel mysql_main configured to support TLS. Encrypted connections are now supported for this channel.
2026-07-09T00:21:10.874449Z 0 [System] [MY-011323] [Server] X Plugin ready for connections. Bind-address: '::' port: 33060
2026-07-09T00:21:10.874554Z 0 [System] [MY-010931] [Server] C:\laragon\bin\mysql\mysql-8.4.3-winx64\bin\mysqld: ready for connections. Version: '8.4.3'  socket: ''  port: 3306  MySQL Community Server - GPL.
2026-07-09T00:24:10.835409Z 8 [System] [MY-013172] [Server] Received SHUTDOWN from user root. Shutting down mysqld (Version: 8.4.3).
2026-07-09T00:24:10.836132Z 0 [System] [MY-013105] [Server] C:\laragon\bin\mysql\mysql-8.4.3-winx64\bin\mysqld: Normal shutdown.
2026-07-09T00:24:11.734513Z 0 [System] [MY-010910] [Server] C:\laragon\bin\mysql\mysql-8.4.3-winx64\bin\mysqld: Shutdown complete (mysqld 8.4.3)  MySQL Community Server - GPL.
2026-07-09T00:24:11.735305Z 0 [System] [MY-015016] [Server] MySQL Server - end.
2026-07-09T00:24:37.162129Z 0 [System] [MY-015015] [Server] MySQL Server - start.
2026-07-09T00:24:37.355505Z 0 [Warning] [MY-010097] [Server] Insecure configuration for --secure-file-priv: Current value does not restrict location of generated files. Consider setting it to a valid, non-empty path.
2026-07-09T00:24:37.355569Z 0 [System] [MY-010116] [Server] C:\laragon\bin\mysql\mysql-8.4.3-winx64\bin\mysqld (mysqld 8.4.3) starting as process 12736
2026-07-09T00:24:37.456431Z 1 [System] [MY-013576] [InnoDB] InnoDB initialization has started.
2026-07-09T00:24:48.752168Z 1 [System] [MY-013577] [InnoDB] InnoDB initialization has ended.
2026-07-09T00:24:52.659479Z 0 [Warning] [MY-013829] [Server] Missing data directory for ICU regular expressions: C:\laragon\bin\mysql\mysql-8.4.3-winx64\lib\private\.
2026-07-09T00:24:52.867474Z 0 [Warning] [MY-010068] [Server] CA certificate ca.pem is self signed.
2026-07-09T00:24:52.868070Z 0 [System] [MY-013602] [Server] Channel mysql_main configured to support TLS. Encrypted connections are now supported for this channel.
2026-07-09T00:24:53.361473Z 0 [System] [MY-011323] [Server] X Plugin ready for connections. Bind-address: '::' port: 33060
2026-07-09T00:24:53.361565Z 0 [System] [MY-010931] [Server] C:\laragon\bin\mysql\mysql-8.4.3-winx64\bin\mysqld: ready for connections. Version: '8.4.3'  socket: ''  port: 3306  MySQL Community Server - GPL.
2026-07-09T00:45:32.095507Z 14 [System] [MY-013172] [Server] Received SHUTDOWN from user root. Shutting down mysqld (Version: 8.4.3).
2026-07-09T00:45:32.096419Z 0 [System] [MY-013105] [Server] C:\laragon\bin\mysql\mysql-8.4.3-winx64\bin\mysqld: Normal shutdown.
2026-07-09T00:45:34.112200Z 0 [Warning] [MY-010909] [Server] C:\laragon\bin\mysql\mysql-8.4.3-winx64\bin\mysqld: Forcing close of thread 13  user: 'root'.
2026-07-09T00:45:35.681013Z 0 [System] [MY-010910] [Server] C:\laragon\bin\mysql\mysql-8.4.3-winx64\bin\mysqld: Shutdown complete (mysqld 8.4.3)  MySQL Community Server - GPL.
2026-07-09T00:45:35.681892Z 0 [System] [MY-015016] [Server] MySQL Server - end.
2026-07-09T00:52:27.559254Z 0 [System] [MY-015015] [Server] MySQL Server - start.
2026-07-09T00:52:27.836839Z 0 [Warning] [MY-010097] [Server] Insecure configuration for --secure-file-priv: Current value does not restrict location of generated files. Consider setting it to a valid, non-empty path.
2026-07-09T00:52:27.836915Z 0 [System] [MY-010116] [Server] C:\laragon\bin\mysql\mysql-8.4.3-winx64\bin\mysqld (mysqld 8.4.3) starting as process 9016
2026-07-09T00:52:27.946744Z 1 [System] [MY-013576] [InnoDB] InnoDB initialization has started.
2026-07-09T00:52:34.631655Z 1 [System] [MY-013577] [InnoDB] InnoDB initialization has ended.
2026-07-09T00:52:36.939066Z 0 [Warning] [MY-013829] [Server] Missing data directory for ICU regular expressions: C:\laragon\bin\mysql\mysql-8.4.3-winx64\lib\private\.
2026-07-09T00:52:37.012944Z 0 [Warning] [MY-010068] [Server] CA certificate ca.pem is self signed.
2026-07-09T00:52:37.013478Z 0 [System] [MY-013602] [Server] Channel mysql_main configured to support TLS. Encrypted connections are now supported for this channel.
2026-07-09T00:52:37.176608Z 0 [System] [MY-011323] [Server] X Plugin ready for connections. Bind-address: '::' port: 33060
2026-07-09T00:52:37.176716Z 0 [System] [MY-010931] [Server] C:\laragon\bin\mysql\mysql-8.4.3-winx64\bin\mysqld: ready for connections. Version: '8.4.3'  socket: ''  port: 3306  MySQL Community Server - GPL.
2026-07-09T09:07:41.442795Z 0 [System] [MY-015015] [Server] MySQL Server - start.
2026-07-09T09:07:44.052893Z 0 [Warning] [MY-010097] [Server] Insecure configuration for --secure-file-priv: Current value does not restrict location of generated files. Consider setting it to a valid, non-empty path.
2026-07-09T09:07:44.169979Z 0 [System] [MY-010116] [Server] C:\laragon\bin\mysql\mysql-8.4.3-winx64\bin\mysqld (mysqld 8.4.3) starting as process 11820
2026-07-09T09:07:46.395397Z 1 [System] [MY-013576] [InnoDB] InnoDB initialization has started.
2026-07-09T09:07:55.023422Z 1 [System] [MY-013577] [InnoDB] InnoDB initialization has ended.
2026-07-09T09:07:57.211286Z 0 [System] [MY-010229] [Server] Starting XA crash recovery...
2026-07-09T09:07:57.226469Z 0 [System] [MY-010232] [Server] XA crash recovery finished.
2026-07-09T09:07:57.652758Z 0 [Warning] [MY-013829] [Server] Missing data directory for ICU regular expressions: C:\laragon\bin\mysql\mysql-8.4.3-winx64\lib\private\.
2026-07-09T09:07:57.911753Z 0 [Warning] [MY-010068] [Server] CA certificate ca.pem is self signed.
2026-07-09T09:07:57.912597Z 0 [System] [MY-013602] [Server] Channel mysql_main configured to support TLS. Encrypted connections are now supported for this channel.
2026-07-09T09:07:58.258088Z 0 [System] [MY-011323] [Server] X Plugin ready for connections. Bind-address: '::' port: 33060
2026-07-09T09:07:58.258188Z 0 [System] [MY-010931] [Server] C:\laragon\bin\mysql\mysql-8.4.3-winx64\bin\mysqld: ready for connections. Version: '8.4.3'  socket: ''  port: 3306  MySQL Community Server - GPL.
2026-07-10T09:04:25.950732Z 0 [System] [MY-015015] [Server] MySQL Server - start.
2026-07-10T09:04:33.384064Z 0 [Warning] [MY-010097] [Server] Insecure configuration for --secure-file-priv: Current value does not restrict location of generated files. Consider setting it to a valid, non-empty path.
2026-07-10T09:04:33.430885Z 0 [System] [MY-010116] [Server] C:\laragon\bin\mysql\mysql-8.4.3-winx64\bin\mysqld (mysqld 8.4.3) starting as process 13112
2026-07-10T09:04:37.758897Z 1 [System] [MY-013576] [InnoDB] InnoDB initialization has started.
2026-07-10T09:04:46.396122Z 1 [System] [MY-013577] [InnoDB] InnoDB initialization has ended.
2026-07-10T09:04:48.663766Z 0 [System] [MY-010229] [Server] Starting XA crash recovery...
2026-07-10T09:04:48.682595Z 0 [System] [MY-010232] [Server] XA crash recovery finished.
2026-07-10T09:04:49.360579Z 0 [Warning] [MY-013829] [Server] Missing data directory for ICU regular expressions: C:\laragon\bin\mysql\mysql-8.4.3-winx64\lib\private\.
2026-07-10T09:04:49.642768Z 0 [Warning] [MY-010068] [Server] CA certificate ca.pem is self signed.
2026-07-10T09:04:49.643318Z 0 [System] [MY-013602] [Server] Channel mysql_main configured to support TLS. Encrypted connections are now supported for this channel.
2026-07-10T09:04:50.088834Z 0 [System] [MY-011323] [Server] X Plugin ready for connections. Bind-address: '::' port: 33060
2026-07-10T09:04:50.088968Z 0 [System] [MY-010931] [Server] C:\laragon\bin\mysql\mysql-8.4.3-winx64\bin\mysqld: ready for connections. Version: '8.4.3'  socket: ''  port: 3306  MySQL Community Server - GPL.
2026-07-13T23:59:37.549735Z 0 [System] [MY-015015] [Server] MySQL Server - start.
2026-07-13T23:59:44.616525Z 0 [Warning] [MY-010097] [Server] Insecure configuration for --secure-file-priv: Current value does not restrict location of generated files. Consider setting it to a valid, non-empty path.
2026-07-13T23:59:44.763977Z 0 [System] [MY-010116] [Server] C:\laragon\bin\mysql\mysql-8.4.3-winx64\bin\mysqld (mysqld 8.4.3) starting as process 10164
2026-07-13T23:59:52.091006Z 1 [System] [MY-013576] [InnoDB] InnoDB initialization has started.
2026-07-14T00:00:14.785994Z 1 [System] [MY-013577] [InnoDB] InnoDB initialization has ended.
2026-07-14T00:00:20.717761Z 0 [System] [MY-010229] [Server] Starting XA crash recovery...
2026-07-14T00:00:20.797096Z 0 [System] [MY-010232] [Server] XA crash recovery finished.
2026-07-14T00:00:21.829956Z 0 [Warning] [MY-013829] [Server] Missing data directory for ICU regular expressions: C:\laragon\bin\mysql\mysql-8.4.3-winx64\lib\private\.
2026-07-14T00:00:22.288102Z 0 [Warning] [MY-010068] [Server] CA certificate ca.pem is self signed.
2026-07-14T00:00:22.288635Z 0 [System] [MY-013602] [Server] Channel mysql_main configured to support TLS. Encrypted connections are now supported for this channel.
2026-07-14T00:00:22.585693Z 0 [System] [MY-011323] [Server] X Plugin ready for connections. Bind-address: '::' port: 33060
2026-07-14T00:00:22.585837Z 0 [System] [MY-010931] [Server] C:\laragon\bin\mysql\mysql-8.4.3-winx64\bin\mysqld: ready for connections. Version: '8.4.3'  socket: ''  port: 3306  MySQL Community Server - GPL.
2026-07-14T01:07:02.058900Z 88 [System] [MY-013172] [Server] Received SHUTDOWN from user root. Shutting down mysqld (Version: 8.4.3).
2026-07-14T01:07:02.067343Z 0 [System] [MY-013105] [Server] C:\laragon\bin\mysql\mysql-8.4.3-winx64\bin\mysqld: Normal shutdown.
2026-07-14T01:07:03.576425Z 0 [System] [MY-010910] [Server] C:\laragon\bin\mysql\mysql-8.4.3-winx64\bin\mysqld: Shutdown complete (mysqld 8.4.3)  MySQL Community Server - GPL.
2026-07-14T01:07:03.577315Z 0 [System] [MY-015016] [Server] MySQL Server - end.
2026-07-14T02:36:57.066723Z 0 [System] [MY-015015] [Server] MySQL Server - start.
2026-07-14T02:36:58.523902Z 0 [Warning] [MY-010097] [Server] Insecure configuration for --secure-file-priv: Current value does not restrict location of generated files. Consider setting it to a valid, non-empty path.
2026-07-14T02:36:58.543039Z 0 [System] [MY-010116] [Server] C:\laragon\bin\mysql\mysql-8.4.3-winx64\bin\mysqld (mysqld 8.4.3) starting as process 1852
2026-07-14T02:37:01.000386Z 1 [System] [MY-013576] [InnoDB] InnoDB initialization has started.
2026-07-14T02:37:09.052806Z 1 [System] [MY-013577] [InnoDB] InnoDB initialization has ended.
2026-07-14T02:37:11.950313Z 0 [Warning] [MY-013829] [Server] Missing data directory for ICU regular expressions: C:\laragon\bin\mysql\mysql-8.4.3-winx64\lib\private\.
2026-07-14T02:37:12.265304Z 0 [Warning] [MY-010068] [Server] CA certificate ca.pem is self signed.
2026-07-14T02:37:12.265895Z 0 [System] [MY-013602] [Server] Channel mysql_main configured to support TLS. Encrypted connections are now supported for this channel.
2026-07-14T02:37:14.842017Z 0 [System] [MY-011323] [Server] X Plugin ready for connections. Bind-address: '::' port: 33060
2026-07-14T02:37:14.842182Z 0 [System] [MY-010931] [Server] C:\laragon\bin\mysql\mysql-8.4.3-winx64\bin\mysqld: ready for connections. Version: '8.4.3'  socket: ''  port: 3306  MySQL Community Server - GPL.
2026-07-15T00:10:07.160846Z 0 [System] [MY-015015] [Server] MySQL Server - start.
2026-07-15T00:10:08.869471Z 0 [Warning] [MY-010097] [Server] Insecure configuration for --secure-file-priv: Current value does not restrict location of generated files. Consider setting it to a valid, non-empty path.
2026-07-15T00:10:08.934290Z 0 [System] [MY-010116] [Server] C:\laragon\bin\mysql\mysql-8.4.3-winx64\bin\mysqld (mysqld 8.4.3) starting as process 6304
2026-07-15T00:10:10.597642Z 1 [System] [MY-013576] [InnoDB] InnoDB initialization has started.
2026-07-15T00:10:23.981485Z 1 [System] [MY-013577] [InnoDB] InnoDB initialization has ended.
2026-07-15T00:10:30.776123Z 0 [System] [MY-010229] [Server] Starting XA crash recovery...
2026-07-15T00:10:30.817608Z 0 [System] [MY-010232] [Server] XA crash recovery finished.
2026-07-15T00:10:35.250114Z 0 [Warning] [MY-013829] [Server] Missing data directory for ICU regular expressions: C:\laragon\bin\mysql\mysql-8.4.3-winx64\lib\private\.
2026-07-15T00:10:38.633209Z 0 [Warning] [MY-010068] [Server] CA certificate ca.pem is self signed.
2026-07-15T00:10:38.633764Z 0 [System] [MY-013602] [Server] Channel mysql_main configured to support TLS. Encrypted connections are now supported for this channel.
2026-07-15T00:10:39.631767Z 0 [System] [MY-011323] [Server] X Plugin ready for connections. Bind-address: '::' port: 33060
2026-07-15T00:10:39.631919Z 0 [System] [MY-010931] [Server] C:\laragon\bin\mysql\mysql-8.4.3-winx64\bin\mysqld: ready for connections. Version: '8.4.3'  socket: ''  port: 3306  MySQL Community Server - GPL.
2026-07-15T05:24:19.420399Z 0 [System] [MY-015015] [Server] MySQL Server - start.
2026-07-15T05:24:24.795713Z 0 [Warning] [MY-010097] [Server] Insecure configuration for --secure-file-priv: Current value does not restrict location of generated files. Consider setting it to a valid, non-empty path.
2026-07-15T05:24:24.874013Z 0 [System] [MY-010116] [Server] C:\laragon\bin\mysql\mysql-8.4.3-winx64\bin\mysqld (mysqld 8.4.3) starting as process 8024
2026-07-15T05:24:32.918125Z 1 [System] [MY-013576] [InnoDB] InnoDB initialization has started.
2026-07-15T05:25:21.013827Z 1 [System] [MY-013577] [InnoDB] InnoDB initialization has ended.
2026-07-15T05:25:27.841847Z 0 [System] [MY-010229] [Server] Starting XA crash recovery...
2026-07-15T05:25:27.866676Z 0 [System] [MY-010232] [Server] XA crash recovery finished.
2026-07-15T05:25:28.890642Z 0 [Warning] [MY-013829] [Server] Missing data directory for ICU regular expressions: C:\laragon\bin\mysql\mysql-8.4.3-winx64\lib\private\.
2026-07-15T05:25:29.654345Z 0 [Warning] [MY-010068] [Server] CA certificate ca.pem is self signed.
2026-07-15T05:25:29.654868Z 0 [System] [MY-013602] [Server] Channel mysql_main configured to support TLS. Encrypted connections are now supported for this channel.
2026-07-15T05:25:30.232088Z 0 [System] [MY-011323] [Server] X Plugin ready for connections. Bind-address: '::' port: 33060
2026-07-15T05:25:30.232213Z 0 [System] [MY-010931] [Server] C:\laragon\bin\mysql\mysql-8.4.3-winx64\bin\mysqld: ready for connections. Version: '8.4.3'  socket: ''  port: 3306  MySQL Community Server - GPL.
2026-07-15T06:40:26.367524Z 0 [System] [MY-015015] [Server] MySQL Server - start.
2026-07-15T06:40:28.634597Z 0 [Warning] [MY-010097] [Server] Insecure configuration for --secure-file-priv: Current value does not restrict location of generated files. Consider setting it to a valid, non-empty path.
2026-07-15T06:40:28.649265Z 0 [System] [MY-010116] [Server] C:\laragon\bin\mysql\mysql-8.4.3-winx64\bin\mysqld (mysqld 8.4.3) starting as process 6676
2026-07-15T06:40:34.539720Z 1 [System] [MY-013576] [InnoDB] InnoDB initialization has started.
2026-07-15T06:41:09.028406Z 1 [System] [MY-013577] [InnoDB] InnoDB initialization has ended.
2026-07-15T06:41:21.150033Z 0 [System] [MY-010229] [Server] Starting XA crash recovery...
2026-07-15T06:41:21.430945Z 0 [System] [MY-010232] [Server] XA crash recovery finished.
2026-07-15T06:41:29.973892Z 0 [Warning] [MY-013829] [Server] Missing data directory for ICU regular expressions: C:\laragon\bin\mysql\mysql-8.4.3-winx64\lib\private\.
2026-07-15T06:41:33.551496Z 0 [Warning] [MY-010068] [Server] CA certificate ca.pem is self signed.
2026-07-15T06:41:33.552067Z 0 [System] [MY-013602] [Server] Channel mysql_main configured to support TLS. Encrypted connections are now supported for this channel.
2026-07-15T06:41:34.303865Z 0 [System] [MY-011323] [Server] X Plugin ready for connections. Bind-address: '::' port: 33060
2026-07-15T06:41:34.304148Z 0 [System] [MY-010931] [Server] C:\laragon\bin\mysql\mysql-8.4.3-winx64\bin\mysqld: ready for connections. Version: '8.4.3'  socket: ''  port: 3306  MySQL Community Server - GPL.
2026-07-16T00:02:46.512883Z 0 [System] [MY-015015] [Server] MySQL Server - start.
2026-07-16T00:02:49.763224Z 0 [Warning] [MY-010097] [Server] Insecure configuration for --secure-file-priv: Current value does not restrict location of generated files. Consider setting it to a valid, non-empty path.
2026-07-16T00:02:49.922383Z 0 [System] [MY-010116] [Server] C:\laragon\bin\mysql\mysql-8.4.3-winx64\bin\mysqld (mysqld 8.4.3) starting as process 2516
2026-07-16T00:02:56.444042Z 1 [System] [MY-013576] [InnoDB] InnoDB initialization has started.
2026-07-16T00:03:11.591496Z 1 [System] [MY-013577] [InnoDB] InnoDB initialization has ended.
2026-07-16T00:03:15.892340Z 0 [System] [MY-010229] [Server] Starting XA crash recovery...
2026-07-16T00:03:15.902658Z 0 [System] [MY-010232] [Server] XA crash recovery finished.
2026-07-16T00:03:16.655514Z 0 [Warning] [MY-013829] [Server] Missing data directory for ICU regular expressions: C:\laragon\bin\mysql\mysql-8.4.3-winx64\lib\private\.
2026-07-16T00:03:17.390548Z 0 [Warning] [MY-010068] [Server] CA certificate ca.pem is self signed.
2026-07-16T00:03:17.391075Z 0 [System] [MY-013602] [Server] Channel mysql_main configured to support TLS. Encrypted connections are now supported for this channel.
2026-07-16T00:03:17.967367Z 0 [System] [MY-011323] [Server] X Plugin ready for connections. Bind-address: '::' port: 33060
2026-07-16T00:03:17.967535Z 0 [System] [MY-010931] [Server] C:\laragon\bin\mysql\mysql-8.4.3-winx64\bin\mysqld: ready for connections. Version: '8.4.3'  socket: ''  port: 3306  MySQL Community Server - GPL.
2026-07-16T06:30:32.771118Z 192 [System] [MY-013172] [Server] Received SHUTDOWN from user root. Shutting down mysqld (Version: 8.4.3).
2026-07-16T06:30:32.782953Z 0 [System] [MY-013105] [Server] C:\laragon\bin\mysql\mysql-8.4.3-winx64\bin\mysqld: Normal shutdown.
2026-07-16T06:30:34.450139Z 0 [System] [MY-010910] [Server] C:\laragon\bin\mysql\mysql-8.4.3-winx64\bin\mysqld: Shutdown complete (mysqld 8.4.3)  MySQL Community Server - GPL.
2026-07-16T06:30:34.451037Z 0 [System] [MY-015016] [Server] MySQL Server - end.
2026-07-17T00:12:20.698738Z 0 [System] [MY-015015] [Server] MySQL Server - start.
2026-07-17T00:12:22.340685Z 0 [Warning] [MY-010097] [Server] Insecure configuration for --secure-file-priv: Current value does not restrict location of generated files. Consider setting it to a valid, non-empty path.
2026-07-17T00:12:22.340771Z 0 [System] [MY-010116] [Server] C:\laragon\bin\mysql\mysql-8.4.3-winx64\bin\mysqld (mysqld 8.4.3) starting as process 2428
2026-07-17T00:12:23.773852Z 1 [System] [MY-013576] [InnoDB] InnoDB initialization has started.
2026-07-17T00:12:39.892074Z 1 [System] [MY-013577] [InnoDB] InnoDB initialization has ended.
2026-07-17T00:12:44.174977Z 0 [Warning] [MY-013829] [Server] Missing data directory for ICU regular expressions: C:\laragon\bin\mysql\mysql-8.4.3-winx64\lib\private\.
2026-07-17T00:12:44.558652Z 0 [Warning] [MY-010068] [Server] CA certificate ca.pem is self signed.
2026-07-17T00:12:44.559178Z 0 [System] [MY-013602] [Server] Channel mysql_main configured to support TLS. Encrypted connections are now supported for this channel.
2026-07-17T00:12:44.852440Z 0 [System] [MY-011323] [Server] X Plugin ready for connections. Bind-address: '::' port: 33060
2026-07-17T00:12:44.852590Z 0 [System] [MY-010931] [Server] C:\laragon\bin\mysql\mysql-8.4.3-winx64\bin\mysqld: ready for connections. Version: '8.4.3'  socket: ''  port: 3306  MySQL Community Server - GPL.
2026-07-20T00:11:53.779236Z 0 [System] [MY-015015] [Server] MySQL Server - start.
2026-07-20T00:11:55.009256Z 0 [Warning] [MY-010097] [Server] Insecure configuration for --secure-file-priv: Current value does not restrict location of generated files. Consider setting it to a valid, non-empty path.
2026-07-20T00:11:55.009337Z 0 [System] [MY-010116] [Server] C:\laragon\bin\mysql\mysql-8.4.3-winx64\bin\mysqld (mysqld 8.4.3) starting as process 6204
2026-07-20T00:11:55.693637Z 1 [System] [MY-013576] [InnoDB] InnoDB initialization has started.
2026-07-20T00:12:06.143280Z 1 [System] [MY-013577] [InnoDB] InnoDB initialization has ended.
2026-07-20T00:12:07.166541Z 0 [System] [MY-010229] [Server] Starting XA crash recovery...
2026-07-20T00:12:07.224453Z 0 [System] [MY-010232] [Server] XA crash recovery finished.
2026-07-20T00:12:07.918767Z 0 [Warning] [MY-013829] [Server] Missing data directory for ICU regular expressions: C:\laragon\bin\mysql\mysql-8.4.3-winx64\lib\private\.
2026-07-20T00:12:08.161054Z 0 [Warning] [MY-010068] [Server] CA certificate ca.pem is self signed.
2026-07-20T00:12:08.161594Z 0 [System] [MY-013602] [Server] Channel mysql_main configured to support TLS. Encrypted connections are now supported for this channel.
2026-07-20T00:12:08.374675Z 0 [System] [MY-011323] [Server] X Plugin ready for connections. Bind-address: '::' port: 33060
2026-07-20T00:12:08.374761Z 0 [System] [MY-010931] [Server] C:\laragon\bin\mysql\mysql-8.4.3-winx64\bin\mysqld: ready for connections. Version: '8.4.3'  socket: ''  port: 3306  MySQL Community Server - GPL.
2026-07-20T01:18:28.700556Z 136 [System] [MY-013172] [Server] Received SHUTDOWN from user root. Shutting down mysqld (Version: 8.4.3).
2026-07-20T01:18:28.721535Z 0 [System] [MY-013105] [Server] C:\laragon\bin\mysql\mysql-8.4.3-winx64\bin\mysqld: Normal shutdown.
2026-07-20T01:18:29.511284Z 0 [System] [MY-010910] [Server] C:\laragon\bin\mysql\mysql-8.4.3-winx64\bin\mysqld: Shutdown complete (mysqld 8.4.3)  MySQL Community Server - GPL.
2026-07-20T01:18:29.512186Z 0 [System] [MY-015016] [Server] MySQL Server - end.
2026-07-20T06:22:29.851565Z 0 [System] [MY-015015] [Server] MySQL Server - start.
2026-07-20T06:22:32.625173Z 0 [Warning] [MY-010097] [Server] Insecure configuration for --secure-file-priv: Current value does not restrict location of generated files. Consider setting it to a valid, non-empty path.
2026-07-20T06:22:32.686942Z 0 [System] [MY-010116] [Server] C:\laragon\bin\mysql\mysql-8.4.3-winx64\bin\mysqld (mysqld 8.4.3) starting as process 3820
2026-07-20T06:22:36.614473Z 1 [System] [MY-013576] [InnoDB] InnoDB initialization has started.
2026-07-20T06:22:49.811641Z 1 [System] [MY-013577] [InnoDB] InnoDB initialization has ended.
2026-07-20T06:22:54.516388Z 0 [Warning] [MY-013829] [Server] Missing data directory for ICU regular expressions: C:\laragon\bin\mysql\mysql-8.4.3-winx64\lib\private\.
2026-07-20T06:22:54.975956Z 0 [Warning] [MY-010068] [Server] CA certificate ca.pem is self signed.
2026-07-20T06:22:54.976518Z 0 [System] [MY-013602] [Server] Channel mysql_main configured to support TLS. Encrypted connections are now supported for this channel.
2026-07-20T06:23:00.937533Z 0 [System] [MY-011323] [Server] X Plugin ready for connections. Bind-address: '::' port: 33060
2026-07-20T06:23:00.937697Z 0 [System] [MY-010931] [Server] C:\laragon\bin\mysql\mysql-8.4.3-winx64\bin\mysqld: ready for connections. Version: '8.4.3'  socket: ''  port: 3306  MySQL Community Server - GPL.
2026-07-20T06:50:38.949958Z 0 [System] [MY-015015] [Server] MySQL Server - start.
2026-07-20T06:50:39.165522Z 0 [Warning] [MY-010097] [Server] Insecure configuration for --secure-file-priv: Current value does not restrict location of generated files. Consider setting it to a valid, non-empty path.
2026-07-20T06:50:39.165598Z 0 [System] [MY-010116] [Server] C:\laragon\bin\mysql\mysql-8.4.3-winx64\bin\mysqld (mysqld 8.4.3) starting as process 4080
2026-07-20T06:50:39.487981Z 1 [System] [MY-013576] [InnoDB] InnoDB initialization has started.
2026-07-20T06:50:51.052967Z 1 [System] [MY-013577] [InnoDB] InnoDB initialization has ended.
2026-07-20T06:50:58.467623Z 0 [System] [MY-010229] [Server] Starting XA crash recovery...
2026-07-20T06:50:58.473625Z 0 [System] [MY-010232] [Server] XA crash recovery finished.
2026-07-20T06:51:00.705253Z 0 [Warning] [MY-013829] [Server] Missing data directory for ICU regular expressions: C:\laragon\bin\mysql\mysql-8.4.3-winx64\lib\private\.
2026-07-20T06:51:00.972121Z 0 [Warning] [MY-010068] [Server] CA certificate ca.pem is self signed.
2026-07-20T06:51:00.972672Z 0 [System] [MY-013602] [Server] Channel mysql_main configured to support TLS. Encrypted connections are now supported for this channel.
2026-07-20T06:51:01.675957Z 0 [System] [MY-011323] [Server] X Plugin ready for connections. Bind-address: '::' port: 33060
2026-07-20T06:51:01.676119Z 0 [System] [MY-010931] [Server] C:\laragon\bin\mysql\mysql-8.4.3-winx64\bin\mysqld: ready for connections. Version: '8.4.3'  socket: ''  port: 3306  MySQL Community Server - GPL.
2026-07-20T08:24:04.977131Z 161 [System] [MY-013172] [Server] Received SHUTDOWN from user root. Shutting down mysqld (Version: 8.4.3).
2026-07-20T08:24:04.984494Z 0 [System] [MY-013105] [Server] C:\laragon\bin\mysql\mysql-8.4.3-winx64\bin\mysqld: Normal shutdown.
2026-07-20T08:24:06.362422Z 0 [System] [MY-010910] [Server] C:\laragon\bin\mysql\mysql-8.4.3-winx64\bin\mysqld: Shutdown complete (mysqld 8.4.3)  MySQL Community Server - GPL.
2026-07-20T08:24:06.363244Z 0 [System] [MY-015016] [Server] MySQL Server - end.
2026-07-20T23:53:09.001466Z 0 [System] [MY-015015] [Server] MySQL Server - start.
2026-07-20T23:53:11.594289Z 0 [Warning] [MY-010097] [Server] Insecure configuration for --secure-file-priv: Current value does not restrict location of generated files. Consider setting it to a valid, non-empty path.
2026-07-20T23:53:11.877998Z 0 [System] [MY-010116] [Server] C:\laragon\bin\mysql\mysql-8.4.3-winx64\bin\mysqld (mysqld 8.4.3) starting as process 4344
2026-07-20T23:53:14.949836Z 1 [System] [MY-013576] [InnoDB] InnoDB initialization has started.
2026-07-20T23:53:41.988677Z 1 [System] [MY-013577] [InnoDB] InnoDB initialization has ended.
2026-07-20T23:53:56.416929Z 0 [Warning] [MY-013829] [Server] Missing data directory for ICU regular expressions: C:\laragon\bin\mysql\mysql-8.4.3-winx64\lib\private\.
2026-07-20T23:53:57.676978Z 0 [Warning] [MY-010068] [Server] CA certificate ca.pem is self signed.
2026-07-20T23:53:57.677534Z 0 [System] [MY-013602] [Server] Channel mysql_main configured to support TLS. Encrypted connections are now supported for this channel.
2026-07-20T23:53:58.572331Z 0 [System] [MY-011323] [Server] X Plugin ready for connections. Bind-address: '::' port: 33060
2026-07-20T23:53:58.572452Z 0 [System] [MY-010931] [Server] C:\laragon\bin\mysql\mysql-8.4.3-winx64\bin\mysqld: ready for connections. Version: '8.4.3'  socket: ''  port: 3306  MySQL Community Server - GPL.
2026-07-21T00:53:42.960356Z 134 [System] [MY-013172] [Server] Received SHUTDOWN from user root. Shutting down mysqld (Version: 8.4.3).
2026-07-21T00:53:42.968716Z 0 [System] [MY-013105] [Server] C:\laragon\bin\mysql\mysql-8.4.3-winx64\bin\mysqld: Normal shutdown.
2026-07-21T00:53:44.380301Z 0 [System] [MY-010910] [Server] C:\laragon\bin\mysql\mysql-8.4.3-winx64\bin\mysqld: Shutdown complete (mysqld 8.4.3)  MySQL Community Server - GPL.
2026-07-21T00:53:44.381289Z 0 [System] [MY-015016] [Server] MySQL Server - end.
2026-07-21T05:04:12.702233Z 0 [System] [MY-015015] [Server] MySQL Server - start.
2026-07-21T05:04:13.760489Z 0 [Warning] [MY-010097] [Server] Insecure configuration for --secure-file-priv: Current value does not restrict location of generated files. Consider setting it to a valid, non-empty path.
2026-07-21T05:04:13.760556Z 0 [System] [MY-010116] [Server] C:\laragon\bin\mysql\mysql-8.4.3-winx64\bin\mysqld (mysqld 8.4.3) starting as process 10600
2026-07-21T05:04:14.578999Z 1 [System] [MY-013576] [InnoDB] InnoDB initialization has started.
2026-07-21T05:04:24.788769Z 1 [System] [MY-013577] [InnoDB] InnoDB initialization has ended.
2026-07-21T05:04:27.166331Z 0 [Warning] [MY-013829] [Server] Missing data directory for ICU regular expressions: C:\laragon\bin\mysql\mysql-8.4.3-winx64\lib\private\.
2026-07-21T05:04:27.870992Z 0 [Warning] [MY-010068] [Server] CA certificate ca.pem is self signed.
2026-07-21T05:04:27.871522Z 0 [System] [MY-013602] [Server] Channel mysql_main configured to support TLS. Encrypted connections are now supported for this channel.
2026-07-21T05:04:29.140437Z 0 [System] [MY-011323] [Server] X Plugin ready for connections. Bind-address: '::' port: 33060
2026-07-21T05:04:29.140538Z 0 [System] [MY-010931] [Server] C:\laragon\bin\mysql\mysql-8.4.3-winx64\bin\mysqld: ready for connections. Version: '8.4.3'  socket: ''  port: 3306  MySQL Community Server - GPL.
2026-07-22T00:15:56.978343Z 0 [System] [MY-015015] [Server] MySQL Server - start.
2026-07-22T00:16:00.445873Z 0 [Warning] [MY-010097] [Server] Insecure configuration for --secure-file-priv: Current value does not restrict location of generated files. Consider setting it to a valid, non-empty path.
2026-07-22T00:16:00.448417Z 0 [System] [MY-010116] [Server] C:\laragon\bin\mysql\mysql-8.4.3-winx64\bin\mysqld (mysqld 8.4.3) starting as process 7088
2026-07-22T00:16:03.178845Z 1 [System] [MY-013576] [InnoDB] InnoDB initialization has started.
2026-07-22T00:16:21.057547Z 1 [System] [MY-013577] [InnoDB] InnoDB initialization has ended.
2026-07-22T00:16:26.220026Z 0 [System] [MY-010229] [Server] Starting XA crash recovery...
2026-07-22T00:16:26.243851Z 0 [System] [MY-010232] [Server] XA crash recovery finished.
2026-07-22T00:16:27.286279Z 0 [Warning] [MY-013829] [Server] Missing data directory for ICU regular expressions: C:\laragon\bin\mysql\mysql-8.4.3-winx64\lib\private\.
2026-07-22T00:16:27.696692Z 0 [Warning] [MY-010068] [Server] CA certificate ca.pem is self signed.
2026-07-22T00:16:27.697217Z 0 [System] [MY-013602] [Server] Channel mysql_main configured to support TLS. Encrypted connections are now supported for this channel.
2026-07-22T00:16:28.100673Z 0 [System] [MY-011323] [Server] X Plugin ready for connections. Bind-address: '::' port: 33060
2026-07-22T00:16:28.100781Z 0 [System] [MY-010931] [Server] C:\laragon\bin\mysql\mysql-8.4.3-winx64\bin\mysqld: ready for connections. Version: '8.4.3'  socket: ''  port: 3306  MySQL Community Server - GPL.
2026-07-23T00:35:41.404040Z 0 [System] [MY-015015] [Server] MySQL Server - start.
2026-07-23T00:35:43.263536Z 0 [Warning] [MY-010097] [Server] Insecure configuration for --secure-file-priv: Current value does not restrict location of generated files. Consider setting it to a valid, non-empty path.
2026-07-23T00:35:43.300772Z 0 [System] [MY-010116] [Server] C:\laragon\bin\mysql\mysql-8.4.3-winx64\bin\mysqld (mysqld 8.4.3) starting as process 412
2026-07-23T00:35:47.101954Z 1 [System] [MY-013576] [InnoDB] InnoDB initialization has started.
2026-07-23T00:35:55.033890Z 1 [System] [MY-013577] [InnoDB] InnoDB initialization has ended.
2026-07-23T00:35:57.323574Z 0 [System] [MY-010229] [Server] Starting XA crash recovery...
2026-07-23T00:35:57.356332Z 0 [System] [MY-010232] [Server] XA crash recovery finished.
2026-07-23T00:35:58.098174Z 0 [Warning] [MY-013829] [Server] Missing data directory for ICU regular expressions: C:\laragon\bin\mysql\mysql-8.4.3-winx64\lib\private\.
2026-07-23T00:35:58.387789Z 0 [Warning] [MY-010068] [Server] CA certificate ca.pem is self signed.
2026-07-23T00:35:58.388355Z 0 [System] [MY-013602] [Server] Channel mysql_main configured to support TLS. Encrypted connections are now supported for this channel.
2026-07-23T00:36:00.264919Z 0 [System] [MY-011323] [Server] X Plugin ready for connections. Bind-address: '::' port: 33060
2026-07-23T00:36:00.265084Z 0 [System] [MY-010931] [Server] C:\laragon\bin\mysql\mysql-8.4.3-winx64\bin\mysqld: ready for connections. Version: '8.4.3'  socket: ''  port: 3306  MySQL Community Server - GPL.
2026-07-24T02:20:28.602059Z 0 [System] [MY-015015] [Server] MySQL Server - start.
2026-07-24T02:20:28.773760Z 0 [Warning] [MY-010097] [Server] Insecure configuration for --secure-file-priv: Current value does not restrict location of generated files. Consider setting it to a valid, non-empty path.
2026-07-24T02:20:28.773825Z 0 [System] [MY-010116] [Server] C:\laragon\bin\mysql\mysql-8.4.3-winx64\bin\mysqld (mysqld 8.4.3) starting as process 2596
2026-07-24T02:20:29.621471Z 1 [System] [MY-013576] [InnoDB] InnoDB initialization has started.
2026-07-24T02:20:52.350916Z 1 [System] [MY-013577] [InnoDB] InnoDB initialization has ended.
2026-07-24T02:21:10.673888Z 0 [System] [MY-010229] [Server] Starting XA crash recovery...
2026-07-24T02:21:10.708793Z 0 [System] [MY-010232] [Server] XA crash recovery finished.
2026-07-24T02:21:11.505798Z 0 [Warning] [MY-013829] [Server] Missing data directory for ICU regular expressions: C:\laragon\bin\mysql\mysql-8.4.3-winx64\lib\private\.
2026-07-24T02:21:11.957376Z 0 [Warning] [MY-010068] [Server] CA certificate ca.pem is self signed.
2026-07-24T02:21:11.957900Z 0 [System] [MY-013602] [Server] Channel mysql_main configured to support TLS. Encrypted connections are now supported for this channel.
2026-07-24T02:21:12.575960Z 0 [System] [MY-011323] [Server] X Plugin ready for connections. Bind-address: '::' port: 33060
2026-07-24T02:21:12.576089Z 0 [System] [MY-010931] [Server] C:\laragon\bin\mysql\mysql-8.4.3-winx64\bin\mysqld: ready for connections. Version: '8.4.3'  socket: ''  port: 3306  MySQL Community Server - GPL.
2026-07-26T23:59:34.663833Z 0 [System] [MY-015015] [Server] MySQL Server - start.
2026-07-26T23:59:39.237646Z 0 [Warning] [MY-010097] [Server] Insecure configuration for --secure-file-priv: Current value does not restrict location of generated files. Consider setting it to a valid, non-empty path.
2026-07-26T23:59:39.296400Z 0 [System] [MY-010116] [Server] C:\laragon\bin\mysql\mysql-8.4.3-winx64\bin\mysqld (mysqld 8.4.3) starting as process 8136
2026-07-26T23:59:43.162218Z 1 [System] [MY-013576] [InnoDB] InnoDB initialization has started.
2026-07-26T23:59:58.207661Z 1 [System] [MY-013577] [InnoDB] InnoDB initialization has ended.
2026-07-27T00:00:01.797352Z 0 [System] [MY-010229] [Server] Starting XA crash recovery...
2026-07-27T00:00:01.818990Z 0 [System] [MY-010232] [Server] XA crash recovery finished.
2026-07-27T00:00:02.431158Z 0 [Warning] [MY-013829] [Server] Missing data directory for ICU regular expressions: C:\laragon\bin\mysql\mysql-8.4.3-winx64\lib\private\.
2026-07-27T00:00:03.140417Z 0 [Warning] [MY-010068] [Server] CA certificate ca.pem is self signed.
2026-07-27T00:00:03.140996Z 0 [System] [MY-013602] [Server] Channel mysql_main configured to support TLS. Encrypted connections are now supported for this channel.
2026-07-27T00:00:03.800310Z 0 [System] [MY-011323] [Server] X Plugin ready for connections. Bind-address: '::' port: 33060
2026-07-27T00:00:03.800432Z 0 [System] [MY-010931] [Server] C:\laragon\bin\mysql\mysql-8.4.3-winx64\bin\mysqld: ready for connections. Version: '8.4.3'  socket: ''  port: 3306  MySQL Community Server - GPL.
2026-07-27T23:57:20.623814Z 0 [System] [MY-015015] [Server] MySQL Server - start.
2026-07-27T23:57:29.132177Z 0 [Warning] [MY-010097] [Server] Insecure configuration for --secure-file-priv: Current value does not restrict location of generated files. Consider setting it to a valid, non-empty path.
2026-07-27T23:57:29.424269Z 0 [System] [MY-010116] [Server] C:\laragon\bin\mysql\mysql-8.4.3-winx64\bin\mysqld (mysqld 8.4.3) starting as process 10856
2026-07-27T23:57:37.197608Z 1 [System] [MY-013576] [InnoDB] InnoDB initialization has started.
2026-07-27T23:57:58.634976Z 1 [System] [MY-013577] [InnoDB] InnoDB initialization has ended.
2026-07-27T23:59:03.244402Z 0 [System] [MY-010229] [Server] Starting XA crash recovery...
2026-07-27T23:59:03.767726Z 0 [System] [MY-010232] [Server] XA crash recovery finished.
2026-07-27T23:59:19.415737Z 0 [Warning] [MY-013829] [Server] Missing data directory for ICU regular expressions: C:\laragon\bin\mysql\mysql-8.4.3-winx64\lib\private\.
2026-07-27T23:59:35.280436Z 0 [Warning] [MY-010068] [Server] CA certificate ca.pem is self signed.
2026-07-27T23:59:35.281002Z 0 [System] [MY-013602] [Server] Channel mysql_main configured to support TLS. Encrypted connections are now supported for this channel.
2026-07-27T23:59:45.246957Z 0 [System] [MY-011323] [Server] X Plugin ready for connections. Bind-address: '::' port: 33060
2026-07-27T23:59:45.247131Z 0 [System] [MY-010931] [Server] C:\laragon\bin\mysql\mysql-8.4.3-winx64\bin\mysqld: ready for connections. Version: '8.4.3'  socket: ''  port: 3306  MySQL Community Server - GPL.
2026-07-29T00:22:50.476838Z 0 [System] [MY-015015] [Server] MySQL Server - start.
2026-07-29T00:22:52.402272Z 0 [Warning] [MY-010097] [Server] Insecure configuration for --secure-file-priv: Current value does not restrict location of generated files. Consider setting it to a valid, non-empty path.
2026-07-29T00:22:52.450633Z 0 [System] [MY-010116] [Server] C:\laragon\bin\mysql\mysql-8.4.3-winx64\bin\mysqld (mysqld 8.4.3) starting as process 9368
2026-07-29T00:22:54.124580Z 1 [System] [MY-013576] [InnoDB] InnoDB initialization has started.
2026-07-29T00:23:10.455722Z 1 [System] [MY-013577] [InnoDB] InnoDB initialization has ended.
2026-07-29T00:23:14.226588Z 0 [System] [MY-010229] [Server] Starting XA crash recovery...
2026-07-29T00:23:14.266946Z 0 [System] [MY-010232] [Server] XA crash recovery finished.
2026-07-29T00:23:14.949085Z 0 [Warning] [MY-013829] [Server] Missing data directory for ICU regular expressions: C:\laragon\bin\mysql\mysql-8.4.3-winx64\lib\private\.
2026-07-29T00:23:15.523242Z 0 [Warning] [MY-010068] [Server] CA certificate ca.pem is self signed.
2026-07-29T00:23:15.523850Z 0 [System] [MY-013602] [Server] Channel mysql_main configured to support TLS. Encrypted connections are now supported for this channel.
2026-07-29T00:23:15.982035Z 0 [System] [MY-011323] [Server] X Plugin ready for connections. Bind-address: '::' port: 33060
2026-07-29T00:23:15.982153Z 0 [System] [MY-010931] [Server] C:\laragon\bin\mysql\mysql-8.4.3-winx64\bin\mysqld: ready for connections. Version: '8.4.3'  socket: ''  port: 3306  MySQL Community Server - GPL.
2026-07-30T00:20:58.872686Z 0 [System] [MY-015015] [Server] MySQL Server - start.
2026-07-30T00:21:01.538061Z 0 [Warning] [MY-010097] [Server] Insecure configuration for --secure-file-priv: Current value does not restrict location of generated files. Consider setting it to a valid, non-empty path.
2026-07-30T00:21:01.580151Z 0 [System] [MY-010116] [Server] C:\laragon\bin\mysql\mysql-8.4.3-winx64\bin\mysqld (mysqld 8.4.3) starting as process 8296
2026-07-30T00:21:03.455846Z 1 [System] [MY-013576] [InnoDB] InnoDB initialization has started.
2026-07-30T00:21:13.708573Z 1 [System] [MY-013577] [InnoDB] InnoDB initialization has ended.
2026-07-30T00:21:17.072638Z 0 [System] [MY-010229] [Server] Starting XA crash recovery...
2026-07-30T00:21:17.136494Z 0 [System] [MY-010232] [Server] XA crash recovery finished.
2026-07-30T00:21:18.177105Z 0 [Warning] [MY-013829] [Server] Missing data directory for ICU regular expressions: C:\laragon\bin\mysql\mysql-8.4.3-winx64\lib\private\.
2026-07-30T00:21:19.536425Z 0 [Warning] [MY-010068] [Server] CA certificate ca.pem is self signed.
2026-07-30T00:21:19.537636Z 0 [System] [MY-013602] [Server] Channel mysql_main configured to support TLS. Encrypted connections are now supported for this channel.
2026-07-30T00:21:20.227699Z 0 [System] [MY-011323] [Server] X Plugin ready for connections. Bind-address: '::' port: 33060
2026-07-30T00:21:20.227831Z 0 [System] [MY-010931] [Server] C:\laragon\bin\mysql\mysql-8.4.3-winx64\bin\mysqld: ready for connections. Version: '8.4.3'  socket: ''  port: 3306  MySQL Community Server - GPL.
2026-07-31T00:03:50.891140Z 0 [System] [MY-015015] [Server] MySQL Server - start.
2026-07-31T00:03:52.624039Z 0 [Warning] [MY-010097] [Server] Insecure configuration for --secure-file-priv: Current value does not restrict location of generated files. Consider setting it to a valid, non-empty path.
2026-07-31T00:03:52.676754Z 0 [System] [MY-010116] [Server] C:\laragon\bin\mysql\mysql-8.4.3-winx64\bin\mysqld (mysqld 8.4.3) starting as process 7848
2026-07-31T00:03:54.329457Z 1 [System] [MY-013576] [InnoDB] InnoDB initialization has started.
2026-07-31T00:04:12.852204Z 1 [System] [MY-013577] [InnoDB] InnoDB initialization has ended.
2026-07-31T00:04:26.796973Z 0 [System] [MY-010229] [Server] Starting XA crash recovery...
2026-07-31T00:04:26.813042Z 0 [System] [MY-010232] [Server] XA crash recovery finished.
2026-07-31T00:04:27.674885Z 0 [Warning] [MY-013829] [Server] Missing data directory for ICU regular expressions: C:\laragon\bin\mysql\mysql-8.4.3-winx64\lib\private\.
2026-07-31T00:04:29.054757Z 0 [Warning] [MY-010068] [Server] CA certificate ca.pem is self signed.
2026-07-31T00:04:29.055839Z 0 [System] [MY-013602] [Server] Channel mysql_main configured to support TLS. Encrypted connections are now supported for this channel.
2026-07-31T00:04:32.245687Z 0 [System] [MY-011323] [Server] X Plugin ready for connections. Bind-address: '::' port: 33060
2026-07-31T00:04:32.245877Z 0 [System] [MY-010931] [Server] C:\laragon\bin\mysql\mysql-8.4.3-winx64\bin\mysqld: ready for connections. Version: '8.4.3'  socket: ''  port: 3306  MySQL Community Server - GPL.
2026-08-03T00:16:21.684703Z 0 [System] [MY-015015] [Server] MySQL Server - start.
2026-08-03T00:16:23.510102Z 0 [Warning] [MY-010097] [Server] Insecure configuration for --secure-file-priv: Current value does not restrict location of generated files. Consider setting it to a valid, non-empty path.
2026-08-03T00:16:23.534529Z 0 [System] [MY-010116] [Server] C:\laragon\bin\mysql\mysql-8.4.3-winx64\bin\mysqld (mysqld 8.4.3) starting as process 12964
2026-08-03T00:16:25.533358Z 1 [System] [MY-013576] [InnoDB] InnoDB initialization has started.
2026-08-03T00:16:33.563893Z 1 [System] [MY-013577] [InnoDB] InnoDB initialization has ended.
2026-08-03T00:16:35.699050Z 0 [System] [MY-010229] [Server] Starting XA crash recovery...
2026-08-03T00:16:35.725386Z 0 [System] [MY-010232] [Server] XA crash recovery finished.
2026-08-03T00:16:36.502944Z 0 [Warning] [MY-013829] [Server] Missing data directory for ICU regular expressions: C:\laragon\bin\mysql\mysql-8.4.3-winx64\lib\private\.
2026-08-03T00:16:36.833818Z 0 [Warning] [MY-010068] [Server] CA certificate ca.pem is self signed.
2026-08-03T00:16:36.834879Z 0 [System] [MY-013602] [Server] Channel mysql_main configured to support TLS. Encrypted connections are now supported for this channel.
2026-08-03T00:16:37.325176Z 0 [System] [MY-011323] [Server] X Plugin ready for connections. Bind-address: '::' port: 33060
2026-08-03T00:16:37.325339Z 0 [System] [MY-010931] [Server] C:\laragon\bin\mysql\mysql-8.4.3-winx64\bin\mysqld: ready for connections. Version: '8.4.3'  socket: ''  port: 3306  MySQL Community Server - GPL.
2026-08-04T00:03:17.138581Z 0 [System] [MY-015015] [Server] MySQL Server - start.
2026-08-04T00:03:24.474223Z 0 [Warning] [MY-010097] [Server] Insecure configuration for --secure-file-priv: Current value does not restrict location of generated files. Consider setting it to a valid, non-empty path.
2026-08-04T00:03:24.542201Z 0 [System] [MY-010116] [Server] C:\laragon\bin\mysql\mysql-8.4.3-winx64\bin\mysqld (mysqld 8.4.3) starting as process 8680
2026-08-04T00:03:39.298287Z 1 [System] [MY-013576] [InnoDB] InnoDB initialization has started.
2026-08-04T00:05:14.803279Z 1 [System] [MY-013577] [InnoDB] InnoDB initialization has ended.
2026-08-04T00:05:30.666760Z 0 [System] [MY-010229] [Server] Starting XA crash recovery...
2026-08-04T00:05:30.697287Z 0 [System] [MY-010232] [Server] XA crash recovery finished.
2026-08-04T00:05:32.189194Z 0 [Warning] [MY-013829] [Server] Missing data directory for ICU regular expressions: C:\laragon\bin\mysql\mysql-8.4.3-winx64\lib\private\.
2026-08-04T00:05:34.330545Z 0 [Warning] [MY-010068] [Server] CA certificate ca.pem is self signed.
2026-08-04T00:05:34.331074Z 0 [System] [MY-013602] [Server] Channel mysql_main configured to support TLS. Encrypted connections are now supported for this channel.
2026-08-04T00:05:35.994948Z 0 [System] [MY-011323] [Server] X Plugin ready for connections. Bind-address: '::' port: 33060
2026-08-04T00:05:35.995112Z 0 [System] [MY-010931] [Server] C:\laragon\bin\mysql\mysql-8.4.3-winx64\bin\mysqld: ready for connections. Version: '8.4.3'  socket: ''  port: 3306  MySQL Community Server - GPL.
2026-08-05T00:06:30.120427Z 0 [System] [MY-015015] [Server] MySQL Server - start.
2026-08-05T00:06:32.629124Z 0 [Warning] [MY-010097] [Server] Insecure configuration for --secure-file-priv: Current value does not restrict location of generated files. Consider setting it to a valid, non-empty path.
2026-08-05T00:06:32.699632Z 0 [System] [MY-010116] [Server] C:\laragon\bin\mysql\mysql-8.4.3-winx64\bin\mysqld (mysqld 8.4.3) starting as process 10740
2026-08-05T00:06:34.656154Z 1 [System] [MY-013576] [InnoDB] InnoDB initialization has started.
2026-08-05T00:06:54.115681Z 1 [System] [MY-013577] [InnoDB] InnoDB initialization has ended.
2026-08-05T00:06:56.435421Z 0 [System] [MY-010229] [Server] Starting XA crash recovery...
2026-08-05T00:06:56.452062Z 0 [System] [MY-010232] [Server] XA crash recovery finished.
2026-08-05T00:06:57.354842Z 0 [Warning] [MY-013829] [Server] Missing data directory for ICU regular expressions: C:\laragon\bin\mysql\mysql-8.4.3-winx64\lib\private\.
2026-08-05T00:06:57.829678Z 0 [Warning] [MY-010068] [Server] CA certificate ca.pem is self signed.
2026-08-05T00:06:57.830205Z 0 [System] [MY-013602] [Server] Channel mysql_main configured to support TLS. Encrypted connections are now supported for this channel.
2026-08-05T00:06:58.166670Z 0 [System] [MY-011323] [Server] X Plugin ready for connections. Bind-address: '::' port: 33060
2026-08-05T00:06:58.166843Z 0 [System] [MY-010931] [Server] C:\laragon\bin\mysql\mysql-8.4.3-winx64\bin\mysqld: ready for connections. Version: '8.4.3'  socket: ''  port: 3306  MySQL Community Server - GPL.
2026-08-07T00:03:37.055513Z 0 [System] [MY-015015] [Server] MySQL Server - start.
2026-08-07T00:03:39.062571Z 0 [Warning] [MY-010097] [Server] Insecure configuration for --secure-file-priv: Current value does not restrict location of generated files. Consider setting it to a valid, non-empty path.
2026-08-07T00:03:39.073986Z 0 [System] [MY-010116] [Server] C:\laragon\bin\mysql\mysql-8.4.3-winx64\bin\mysqld (mysqld 8.4.3) starting as process 12448
2026-08-07T00:03:41.573767Z 1 [System] [MY-013576] [InnoDB] InnoDB initialization has started.
2026-08-07T00:04:02.049067Z 1 [System] [MY-013577] [InnoDB] InnoDB initialization has ended.
2026-08-07T00:04:04.575957Z 0 [System] [MY-010229] [Server] Starting XA crash recovery...
2026-08-07T00:04:04.618781Z 0 [System] [MY-010232] [Server] XA crash recovery finished.
2026-08-07T00:04:08.075883Z 0 [Warning] [MY-013829] [Server] Missing data directory for ICU regular expressions: C:\laragon\bin\mysql\mysql-8.4.3-winx64\lib\private\.
2026-08-07T00:04:12.686805Z 0 [Warning] [MY-010068] [Server] CA certificate ca.pem is self signed.
2026-08-07T00:04:12.687382Z 0 [System] [MY-013602] [Server] Channel mysql_main configured to support TLS. Encrypted connections are now supported for this channel.
2026-08-07T00:04:13.824596Z 0 [System] [MY-011323] [Server] X Plugin ready for connections. Bind-address: '::' port: 33060
2026-08-07T00:04:13.824709Z 0 [System] [MY-010931] [Server] C:\laragon\bin\mysql\mysql-8.4.3-winx64\bin\mysqld: ready for connections. Version: '8.4.3'  socket: ''  port: 3306  MySQL Community Server - GPL.
2026-08-11T00:08:18.860903Z 0 [System] [MY-015015] [Server] MySQL Server - start.
2026-08-11T00:08:24.537123Z 0 [Warning] [MY-010097] [Server] Insecure configuration for --secure-file-priv: Current value does not restrict location of generated files. Consider setting it to a valid, non-empty path.
2026-08-11T00:08:24.608650Z 0 [System] [MY-010116] [Server] C:\laragon\bin\mysql\mysql-8.4.3-winx64\bin\mysqld (mysqld 8.4.3) starting as process 7216
2026-08-11T00:08:32.958773Z 1 [System] [MY-013576] [InnoDB] InnoDB initialization has started.
2026-08-11T00:08:54.531372Z 1 [System] [MY-013577] [InnoDB] InnoDB initialization has ended.
2026-08-11T00:09:05.305981Z 0 [System] [MY-010229] [Server] Starting XA crash recovery...
2026-08-11T00:09:05.425610Z 0 [System] [MY-010232] [Server] XA crash recovery finished.
2026-08-11T00:09:08.282728Z 0 [Warning] [MY-013829] [Server] Missing data directory for ICU regular expressions: C:\laragon\bin\mysql\mysql-8.4.3-winx64\lib\private\.
2026-08-11T00:09:08.843716Z 0 [Warning] [MY-010068] [Server] CA certificate ca.pem is self signed.
2026-08-11T00:09:08.844322Z 0 [System] [MY-013602] [Server] Channel mysql_main configured to support TLS. Encrypted connections are now supported for this channel.
2026-08-11T00:09:09.198857Z 0 [System] [MY-011323] [Server] X Plugin ready for connections. Bind-address: '::' port: 33060
2026-08-11T00:09:09.199079Z 0 [System] [MY-010931] [Server] C:\laragon\bin\mysql\mysql-8.4.3-winx64\bin\mysqld: ready for connections. Version: '8.4.3'  socket: ''  port: 3306  MySQL Community Server - GPL.
2026-08-12T00:10:37.346142Z 0 [System] [MY-015015] [Server] MySQL Server - start.
2026-08-12T00:11:05.994962Z 0 [Warning] [MY-010097] [Server] Insecure configuration for --secure-file-priv: Current value does not restrict location of generated files. Consider setting it to a valid, non-empty path.
2026-08-12T00:11:06.374570Z 0 [System] [MY-010116] [Server] C:\laragon\bin\mysql\mysql-8.4.3-winx64\bin\mysqld (mysqld 8.4.3) starting as process 1112
2026-08-12T00:11:42.004587Z 1 [System] [MY-013576] [InnoDB] InnoDB initialization has started.
2026-08-12T00:15:24.467464Z 1 [System] [MY-013577] [InnoDB] InnoDB initialization has ended.
2026-08-12T00:16:45.273527Z 0 [System] [MY-010229] [Server] Starting XA crash recovery...
2026-08-12T00:16:45.724240Z 0 [System] [MY-010232] [Server] XA crash recovery finished.
2026-08-12T00:16:53.053161Z 0 [Warning] [MY-013829] [Server] Missing data directory for ICU regular expressions: C:\laragon\bin\mysql\mysql-8.4.3-winx64\lib\private\.
2026-08-12T00:17:02.771217Z 0 [Warning] [MY-010068] [Server] CA certificate ca.pem is self signed.
2026-08-12T00:17:02.771838Z 0 [System] [MY-013602] [Server] Channel mysql_main configured to support TLS. Encrypted connections are now supported for this channel.
2026-08-12T00:17:11.753909Z 0 [System] [MY-011323] [Server] X Plugin ready for connections. Bind-address: '::' port: 33060
2026-08-12T00:17:11.754041Z 0 [System] [MY-010931] [Server] C:\laragon\bin\mysql\mysql-8.4.3-winx64\bin\mysqld: ready for connections. Version: '8.4.3'  socket: ''  port: 3306  MySQL Community Server - GPL.
2026-08-13T00:07:06.955896Z 0 [System] [MY-015015] [Server] MySQL Server - start.
2026-08-13T00:07:08.971367Z 0 [Warning] [MY-010097] [Server] Insecure configuration for --secure-file-priv: Current value does not restrict location of generated files. Consider setting it to a valid, non-empty path.
2026-08-13T00:07:08.991010Z 0 [System] [MY-010116] [Server] C:\laragon\bin\mysql\mysql-8.4.3-winx64\bin\mysqld (mysqld 8.4.3) starting as process 9152
2026-08-13T00:07:15.109843Z 1 [System] [MY-013576] [InnoDB] InnoDB initialization has started.
2026-08-13T00:07:51.831641Z 1 [System] [MY-013577] [InnoDB] InnoDB initialization has ended.
2026-08-13T00:08:11.746326Z 0 [System] [MY-010229] [Server] Starting XA crash recovery...
2026-08-13T00:08:11.825223Z 0 [System] [MY-010232] [Server] XA crash recovery finished.
2026-08-13T00:08:15.707391Z 0 [Warning] [MY-013829] [Server] Missing data directory for ICU regular expressions: C:\laragon\bin\mysql\mysql-8.4.3-winx64\lib\private\.
2026-08-13T00:08:23.935899Z 0 [Warning] [MY-010068] [Server] CA certificate ca.pem is self signed.
2026-08-13T00:08:23.936446Z 0 [System] [MY-013602] [Server] Channel mysql_main configured to support TLS. Encrypted connections are now supported for this channel.
2026-08-13T00:08:24.797428Z 0 [System] [MY-011323] [Server] X Plugin ready for connections. Bind-address: '::' port: 33060
2026-08-13T00:08:24.797556Z 0 [System] [MY-010931] [Server] C:\laragon\bin\mysql\mysql-8.4.3-winx64\bin\mysqld: ready for connections. Version: '8.4.3'  socket: ''  port: 3306  MySQL Community Server - GPL.
2026-08-13T23:59:34.615955Z 0 [System] [MY-015015] [Server] MySQL Server - start.
2026-08-13T23:59:37.791276Z 0 [Warning] [MY-010097] [Server] Insecure configuration for --secure-file-priv: Current value does not restrict location of generated files. Consider setting it to a valid, non-empty path.
2026-08-13T23:59:37.853047Z 0 [System] [MY-010116] [Server] C:\laragon\bin\mysql\mysql-8.4.3-winx64\bin\mysqld (mysqld 8.4.3) starting as process 2324
2026-08-13T23:59:42.178053Z 1 [System] [MY-013576] [InnoDB] InnoDB initialization has started.
2026-08-14T00:00:27.351070Z 1 [System] [MY-013577] [InnoDB] InnoDB initialization has ended.
2026-08-14T00:00:47.131279Z 0 [System] [MY-010229] [Server] Starting XA crash recovery...
2026-08-14T00:00:47.215188Z 0 [System] [MY-010232] [Server] XA crash recovery finished.
2026-08-14T00:00:50.326868Z 0 [Warning] [MY-013829] [Server] Missing data directory for ICU regular expressions: C:\laragon\bin\mysql\mysql-8.4.3-winx64\lib\private\.
2026-08-14T00:00:56.448000Z 0 [Warning] [MY-010068] [Server] CA certificate ca.pem is self signed.
2026-08-14T00:00:56.448530Z 0 [System] [MY-013602] [Server] Channel mysql_main configured to support TLS. Encrypted connections are now supported for this channel.
2026-08-14T00:01:01.592996Z 0 [System] [MY-011323] [Server] X Plugin ready for connections. Bind-address: '::' port: 33060
2026-08-14T00:01:01.593126Z 0 [System] [MY-010931] [Server] C:\laragon\bin\mysql\mysql-8.4.3-winx64\bin\mysqld: ready for connections. Version: '8.4.3'  socket: ''  port: 3306  MySQL Community Server - GPL.
2026-08-17T00:19:49.570384Z 0 [System] [MY-015015] [Server] MySQL Server - start.
2026-08-17T00:19:52.095805Z 0 [Warning] [MY-010097] [Server] Insecure configuration for --secure-file-priv: Current value does not restrict location of generated files. Consider setting it to a valid, non-empty path.
2026-08-17T00:19:52.247379Z 0 [System] [MY-010116] [Server] C:\laragon\bin\mysql\mysql-8.4.3-winx64\bin\mysqld (mysqld 8.4.3) starting as process 12056
2026-08-17T00:19:52.865274Z 1 [System] [MY-013576] [InnoDB] InnoDB initialization has started.
2026-08-17T00:20:05.583832Z 1 [System] [MY-013577] [InnoDB] InnoDB initialization has ended.
2026-08-17T00:20:07.323747Z 0 [System] [MY-010229] [Server] Starting XA crash recovery...
2026-08-17T00:20:07.328305Z 0 [System] [MY-010232] [Server] XA crash recovery finished.
2026-08-17T00:20:07.971304Z 0 [Warning] [MY-013829] [Server] Missing data directory for ICU regular expressions: C:\laragon\bin\mysql\mysql-8.4.3-winx64\lib\private\.
2026-08-17T00:20:08.463420Z 0 [Warning] [MY-010068] [Server] CA certificate ca.pem is self signed.
2026-08-17T00:20:08.463965Z 0 [System] [MY-013602] [Server] Channel mysql_main configured to support TLS. Encrypted connections are now supported for this channel.
2026-08-17T00:20:08.732679Z 0 [System] [MY-011323] [Server] X Plugin ready for connections. Bind-address: '::' port: 33060
2026-08-17T00:20:08.732769Z 0 [System] [MY-010931] [Server] C:\laragon\bin\mysql\mysql-8.4.3-winx64\bin\mysqld: ready for connections. Version: '8.4.3'  socket: ''  port: 3306  MySQL Community Server - GPL.
2026-08-17T00:50:15.111212Z 37 [System] [MY-013172] [Server] Received SHUTDOWN from user root. Shutting down mysqld (Version: 8.4.3).
2026-08-17T00:50:15.112386Z 0 [System] [MY-013105] [Server] C:\laragon\bin\mysql\mysql-8.4.3-winx64\bin\mysqld: Normal shutdown.
2026-08-17T00:50:16.742182Z 0 [System] [MY-010910] [Server] C:\laragon\bin\mysql\mysql-8.4.3-winx64\bin\mysqld: Shutdown complete (mysqld 8.4.3)  MySQL Community Server - GPL.
2026-08-17T00:50:16.743039Z 0 [System] [MY-015016] [Server] MySQL Server - end.
2026-08-17T00:50:29.986397Z 0 [System] [MY-015015] [Server] MySQL Server - start.
2026-08-17T00:50:30.247946Z 0 [Warning] [MY-010097] [Server] Insecure configuration for --secure-file-priv: Current value does not restrict location of generated files. Consider setting it to a valid, non-empty path.
2026-08-17T00:50:30.248016Z 0 [System] [MY-010116] [Server] C:\laragon\bin\mysql\mysql-8.4.3-winx64\bin\mysqld (mysqld 8.4.3) starting as process 13020
2026-08-17T00:50:30.413303Z 1 [System] [MY-013576] [InnoDB] InnoDB initialization has started.
2026-08-17T00:50:35.675963Z 1 [System] [MY-013577] [InnoDB] InnoDB initialization has ended.
2026-08-17T00:50:37.650367Z 0 [Warning] [MY-013829] [Server] Missing data directory for ICU regular expressions: C:\laragon\bin\mysql\mysql-8.4.3-winx64\lib\private\.
2026-08-17T00:50:37.901298Z 0 [Warning] [MY-010068] [Server] CA certificate ca.pem is self signed.
2026-08-17T00:50:37.901847Z 0 [System] [MY-013602] [Server] Channel mysql_main configured to support TLS. Encrypted connections are now supported for this channel.
2026-08-17T00:50:40.541750Z 0 [System] [MY-011323] [Server] X Plugin ready for connections. Bind-address: '::' port: 33060
2026-08-17T00:50:40.541888Z 0 [System] [MY-010931] [Server] C:\laragon\bin\mysql\mysql-8.4.3-winx64\bin\mysqld: ready for connections. Version: '8.4.3'  socket: ''  port: 3306  MySQL Community Server - GPL.
2026-08-25T00:14:21.294932Z 0 [System] [MY-015015] [Server] MySQL Server - start.
2026-08-25T00:14:25.861844Z 0 [Warning] [MY-010097] [Server] Insecure configuration for --secure-file-priv: Current value does not restrict location of generated files. Consider setting it to a valid, non-empty path.
2026-08-25T00:14:25.989808Z 0 [System] [MY-010116] [Server] C:\laragon\bin\mysql\mysql-8.4.3-winx64\bin\mysqld (mysqld 8.4.3) starting as process 3276
2026-08-25T00:14:29.649902Z 1 [System] [MY-013576] [InnoDB] InnoDB initialization has started.
2026-08-25T00:14:39.465510Z 1 [System] [MY-013577] [InnoDB] InnoDB initialization has ended.
2026-08-25T00:14:41.384092Z 0 [System] [MY-010229] [Server] Starting XA crash recovery...
2026-08-25T00:14:41.401917Z 0 [System] [MY-010232] [Server] XA crash recovery finished.
2026-08-25T00:14:42.146379Z 0 [Warning] [MY-013829] [Server] Missing data directory for ICU regular expressions: C:\laragon\bin\mysql\mysql-8.4.3-winx64\lib\private\.
2026-08-25T00:14:42.747247Z 0 [Warning] [MY-010068] [Server] CA certificate ca.pem is self signed.
2026-08-25T00:14:42.747782Z 0 [System] [MY-013602] [Server] Channel mysql_main configured to support TLS. Encrypted connections are now supported for this channel.
2026-08-25T00:14:43.216396Z 0 [System] [MY-011323] [Server] X Plugin ready for connections. Bind-address: '::' port: 33060
2026-08-25T00:14:43.216542Z 0 [System] [MY-010931] [Server] C:\laragon\bin\mysql\mysql-8.4.3-winx64\bin\mysqld: ready for connections. Version: '8.4.3'  socket: ''  port: 3306  MySQL Community Server - GPL.
2026-08-26T00:27:29.602883Z 0 [System] [MY-015015] [Server] MySQL Server - start.
2026-08-26T00:27:30.696756Z 0 [Warning] [MY-010097] [Server] Insecure configuration for --secure-file-priv: Current value does not restrict location of generated files. Consider setting it to a valid, non-empty path.
2026-08-26T00:27:30.709276Z 0 [System] [MY-010116] [Server] C:\laragon\bin\mysql\mysql-8.4.3-winx64\bin\mysqld (mysqld 8.4.3) starting as process 8652
2026-08-26T00:27:31.092013Z 1 [System] [MY-013576] [InnoDB] InnoDB initialization has started.
2026-08-26T00:28:04.654003Z 1 [System] [MY-013577] [InnoDB] InnoDB initialization has ended.
2026-08-26T00:28:09.218666Z 0 [System] [MY-010229] [Server] Starting XA crash recovery...
2026-08-26T00:28:09.223330Z 0 [System] [MY-010232] [Server] XA crash recovery finished.
2026-08-26T00:28:10.304614Z 0 [Warning] [MY-013829] [Server] Missing data directory for ICU regular expressions: C:\laragon\bin\mysql\mysql-8.4.3-winx64\lib\private\.
2026-08-26T00:28:11.070065Z 0 [Warning] [MY-010068] [Server] CA certificate ca.pem is self signed.
2026-08-26T00:28:11.070612Z 0 [System] [MY-013602] [Server] Channel mysql_main configured to support TLS. Encrypted connections are now supported for this channel.
2026-08-26T00:28:11.631934Z 0 [System] [MY-011323] [Server] X Plugin ready for connections. Bind-address: '::' port: 33060
2026-08-26T00:28:11.632062Z 0 [System] [MY-010931] [Server] C:\laragon\bin\mysql\mysql-8.4.3-winx64\bin\mysqld: ready for connections. Version: '8.4.3'  socket: ''  port: 3306  MySQL Community Server - GPL.
2026-08-27T00:02:20.669831Z 0 [System] [MY-015015] [Server] MySQL Server - start.
2026-08-27T00:02:24.001275Z 0 [Warning] [MY-010097] [Server] Insecure configuration for --secure-file-priv: Current value does not restrict location of generated files. Consider setting it to a valid, non-empty path.
2026-08-27T00:02:24.029121Z 0 [System] [MY-010116] [Server] C:\laragon\bin\mysql\mysql-8.4.3-winx64\bin\mysqld (mysqld 8.4.3) starting as process 8472
2026-08-27T00:02:28.406489Z 1 [System] [MY-013576] [InnoDB] InnoDB initialization has started.
2026-08-27T00:02:45.812890Z 1 [System] [MY-013577] [InnoDB] InnoDB initialization has ended.
2026-08-27T00:02:50.857467Z 0 [System] [MY-010229] [Server] Starting XA crash recovery...
2026-08-27T00:02:50.865790Z 0 [System] [MY-010232] [Server] XA crash recovery finished.
2026-08-27T00:02:51.585241Z 0 [Warning] [MY-013829] [Server] Missing data directory for ICU regular expressions: C:\laragon\bin\mysql\mysql-8.4.3-winx64\lib\private\.
2026-08-27T00:02:52.123057Z 0 [Warning] [MY-010068] [Server] CA certificate ca.pem is self signed.
2026-08-27T00:02:52.123601Z 0 [System] [MY-013602] [Server] Channel mysql_main configured to support TLS. Encrypted connections are now supported for this channel.
2026-08-27T00:02:52.513686Z 0 [System] [MY-011323] [Server] X Plugin ready for connections. Bind-address: '::' port: 33060
2026-08-27T00:02:52.513814Z 0 [System] [MY-010931] [Server] C:\laragon\bin\mysql\mysql-8.4.3-winx64\bin\mysqld: ready for connections. Version: '8.4.3'  socket: ''  port: 3306  MySQL Community Server - GPL.
2026-08-27T03:10:11.346299Z 168 [System] [MY-013172] [Server] Received SHUTDOWN from user root. Shutting down mysqld (Version: 8.4.3).
2026-08-27T03:10:11.506895Z 0 [System] [MY-013105] [Server] C:\laragon\bin\mysql\mysql-8.4.3-winx64\bin\mysqld: Normal shutdown.
2026-08-27T03:10:13.483471Z 0 [System] [MY-010910] [Server] C:\laragon\bin\mysql\mysql-8.4.3-winx64\bin\mysqld: Shutdown complete (mysqld 8.4.3)  MySQL Community Server - GPL.
2026-08-27T03:10:13.484339Z 0 [System] [MY-015016] [Server] MySQL Server - end.
2026-08-27T03:15:23.525872Z 0 [System] [MY-015015] [Server] MySQL Server - start.
2026-08-27T03:15:23.782899Z 0 [Warning] [MY-010097] [Server] Insecure configuration for --secure-file-priv: Current value does not restrict location of generated files. Consider setting it to a valid, non-empty path.
2026-08-27T03:15:23.782982Z 0 [System] [MY-010116] [Server] C:\laragon\bin\mysql\mysql-8.4.3-winx64\bin\mysqld (mysqld 8.4.3) starting as process 8296
2026-08-27T03:15:24.019644Z 1 [System] [MY-013576] [InnoDB] InnoDB initialization has started.
2026-08-27T03:15:29.793694Z 1 [System] [MY-013577] [InnoDB] InnoDB initialization has ended.
2026-08-27T03:15:30.626012Z 0 [Warning] [MY-013829] [Server] Missing data directory for ICU regular expressions: C:\laragon\bin\mysql\mysql-8.4.3-winx64\lib\private\.
2026-08-27T03:15:30.757334Z 0 [Warning] [MY-010068] [Server] CA certificate ca.pem is self signed.
2026-08-27T03:15:30.757868Z 0 [System] [MY-013602] [Server] Channel mysql_main configured to support TLS. Encrypted connections are now supported for this channel.
2026-08-27T03:15:30.792811Z 0 [ERROR] [MY-010262] [Server] Can't start server: Bind on TCP/IP port: Only one usage of each socket address (protocol/network address/port) is normally permitted. 
2026-08-27T03:15:30.793938Z 0 [ERROR] [MY-010257] [Server] Do you already have another mysqld server running on port: 3306 ?
2026-08-27T03:15:30.794615Z 0 [ERROR] [MY-010119] [Server] Aborting
2026-08-27T03:15:32.468925Z 0 [System] [MY-010910] [Server] C:\laragon\bin\mysql\mysql-8.4.3-winx64\bin\mysqld: Shutdown complete (mysqld 8.4.3)  MySQL Community Server - GPL.
2026-08-27T03:15:32.469827Z 0 [System] [MY-015016] [Server] MySQL Server - end.
2026-08-27T03:22:53.037318Z 0 [System] [MY-015015] [Server] MySQL Server - start.
2026-08-27T03:22:57.847065Z 0 [Warning] [MY-010097] [Server] Insecure configuration for --secure-file-priv: Current value does not restrict location of generated files. Consider setting it to a valid, non-empty path.
2026-08-27T03:22:57.980911Z 0 [System] [MY-010116] [Server] C:\laragon\bin\mysql\mysql-8.4.3-winx64\bin\mysqld (mysqld 8.4.3) starting as process 9824
2026-08-27T03:23:09.120397Z 1 [System] [MY-013576] [InnoDB] InnoDB initialization has started.
2026-08-27T03:23:43.807364Z 1 [System] [MY-013577] [InnoDB] InnoDB initialization has ended.
2026-08-27T03:24:01.791820Z 0 [Warning] [MY-013829] [Server] Missing data directory for ICU regular expressions: C:\laragon\bin\mysql\mysql-8.4.3-winx64\lib\private\.
2026-08-27T03:24:03.791846Z 0 [Warning] [MY-010068] [Server] CA certificate ca.pem is self signed.
2026-08-27T03:24:03.792394Z 0 [System] [MY-013602] [Server] Channel mysql_main configured to support TLS. Encrypted connections are now supported for this channel.
2026-08-27T03:24:06.373836Z 0 [System] [MY-011323] [Server] X Plugin ready for connections. Bind-address: '::' port: 33060
2026-08-27T03:24:06.374018Z 0 [System] [MY-010931] [Server] C:\laragon\bin\mysql\mysql-8.4.3-winx64\bin\mysqld: ready for connections. Version: '8.4.3'  socket: ''  port: 3306  MySQL Community Server - GPL.
